/Users/tianli/Apps/fitcoach/service/.venv/lib/python3.12/site-packages/fastapi/testclient.py:1: StarletteDeprecationWarning: Using `httpx` with `starlette.testclient` is deprecated; install `httpx2` instead.
  from starlette.testclient import TestClient as TestClient  # noqa
Traceback (most recent call last):
  File "/private/tmp/fitcoach-sms-delivery-20261006/capture_signed_simulator.py", line 63, in <module>
    result = session.launch(info['bundle_id'], args, signal, 30, baseline, info['executable'], functional_thin=thin)
             ^^^^^^^^^^^^^^^^^^^^^^^^^^^^^^^^^^^^^^^^^^^^^^^^^^^^^^^^^^^^^^^^^^^^^^^^^^^^^^^^^^^^^^^^^^^^^^^^^^^^^^^
  File "/Users/tianli/Dev/tools/dev/lib/tools/macapp/ios/sim_lane.py", line 1387, in launch
    out = simctl("launch", "--terminate-running-process", self.udid, bundle_id, *args, timeout=120).stdout
          ^^^^^^^^^^^^^^^^^^^^^^^^^^^^^^^^^^^^^^^^^^^^^^^^^^^^^^^^^^^^^^^^^^^^^^^^^^^^^^^^^^^^^^^^^
  File "/Users/tianli/Dev/tools/dev/lib/tools/macapp/ios/sim_lane.py", line 160, in simctl
    return run(["xcrun", "simctl", *args], timeout=timeout, check=check)
           ^^^^^^^^^^^^^^^^^^^^^^^^^^^^^^^^^^^^^^^^^^^^^^^^^^^^^^^^^^^^^
  File "/Users/tianli/Dev/tools/dev/lib/tools/macapp/ios/sim_lane.py", line 155, in run
    raise LaneError(f"{' '.join(map(str, cmd[:4]))} rc={r.returncode}: {(r.stderr or r.stdout).strip()[:400]}")
sim_lane.LaneError: xcrun simctl launch --terminate-running-process rc=3: An error was encountered processing the command (domain=NSPOSIXErrorDomain, code=3):
Simulator device failed to launch cyou.tianli.fitcoachapp.
No such process
Underlying error (domain=NSPOSIXErrorDomain, code=3):
	Application launch for 'cyou.tianli.fitcoachapp' did not return a process handle nor launch error.
	No such process
